ARM Linker, 4.1 [Build 894] [Standard]

==============================================================================

Section Cross References

    startup_stm32f10x_hd.o(STACK) refers (Special) to heapauxi.o(.text) for __use_two_region_memory
    startup_stm32f10x_hd.o(HEAP) refers (Special) to heapauxi.o(.text) for __use_two_region_memory
    startup_stm32f10x_hd.o(RESET) refers (Special) to heapauxi.o(.text) for __use_two_region_memory
    startup_stm32f10x_hd.o(RESET) refers to startup_stm32f10x_hd.o(STACK) for __initial_sp
    startup_stm32f10x_hd.o(RESET) refers to startup_stm32f10x_hd.o(.text) for Reset_Handler
    startup_stm32f10x_hd.o(RESET) refers to stm32f10x_it.o(.text) for NMI_Handler
    startup_stm32f10x_hd.o(.text) refers (Special) to heapauxi.o(.text) for __use_two_region_memory
    startup_stm32f10x_hd.o(.text) refers to system_stm32f10x.o(.text) for SystemInit
    startup_stm32f10x_hd.o(.text) refers to __main.o(!!!main) for __main
    startup_stm32f10x_hd.o(.text) refers to startup_stm32f10x_hd.o(HEAP) for Heap_Mem
    startup_stm32f10x_hd.o(.text) refers to startup_stm32f10x_hd.o(STACK) for Stack_Mem
    stm32f10x_bkp.o(.text) refers to stm32f10x_rcc.o(.text) for RCC_BackupResetCmd
    stm32f10x_gpio.o(.text) refers to stm32f10x_rcc.o(.text) for RCC_APB2PeriphResetCmd
    stm32f10x_pwr.o(.text) refers to stm32f10x_rcc.o(.text) for RCC_APB1PeriphResetCmd
    stm32f10x_rcc.o(.text) refers to stm32f10x_rcc.o(.data) for APBAHBPrescTable
    stm32f10x_tim.o(.text) refers to stm32f10x_rcc.o(.text) for RCC_APB2PeriphResetCmd
    stm32f10x_usart.o(.text) refers to stm32f10x_rcc.o(.text) for RCC_APB2PeriphResetCmd
    system_stm32f10x.o(.text) refers to system_stm32f10x.o(.data) for SystemCoreClock
    main.o(.text) refers to driver.o(.text) for InitAllPeriph
    main.o(.text) refers to common.o(.text) for Serial_PutString
    main.o(.text) refers to delay.o(.text) for DelayMs
    stm32f10x_it.o(.text) refers to stm32f10x_tim.o(.text) for TIM_GetITStatus
    stm32f10x_it.o(.text) refers to driver.o(.data) for TimingDelay
    common.o(.text) refers to stm32f10x_usart.o(.text) for USART_SendData
    common.o(.text) refers to usart.o(.text) for COM1_printf
    common.o(.text) refers to core_cm3.o(.emb_text) for __set_MSP
    common.o(.text) refers to common.o(.data) for JumpAddress
    driver.o(.text) refers to stm32f10x_rcc.o(.text) for RCC_DeInit
    driver.o(.text) refers to stm32f10x_flash.o(.text) for FLASH_SetLatency
    driver.o(.text) refers to misc.o(.text) for NVIC_SetVectorTable
    driver.o(.text) refers to stm32f10x_gpio.o(.text) for GPIO_Init
    driver.o(.text) refers to stm32f10x_usart.o(.text) for USART_ClockInit
    driver.o(.text) refers to delay.o(.text) for DelayMs_init
    usart.o(.text) refers to stm32f10x_usart.o(.text) for USART_SendData
    usart.o(.text) refers to strlen.o(.text) for strlen
    delay.o(.text) refers to stm32f10x_tim.o(.text) for TIM_DeInit
    __main.o(!!!main) refers to rtentry.o(.ARM.Collect$$rtentry$$00000000) for __rt_entry
    rtentry.o(.ARM.Collect$$rtentry$$00000000) refers (Special) to rtentry2.o(.ARM.Collect$$rtentry$$0000000A) for __rt_entry_li
    rtentry.o(.ARM.Collect$$rtentry$$00000000) refers (Special) to rtentry2.o(.ARM.Collect$$rtentry$$0000000D) for __rt_entry_main
    rtentry.o(.ARM.Collect$$rtentry$$00000000) refers (Special) to rtentry2.o(.ARM.Collect$$rtentry$$0000000C) for __rt_entry_postli_1
    rtentry.o(.ARM.Collect$$rtentry$$00000000) refers (Special) to rtentry2.o(.ARM.Collect$$rtentry$$00000009) for __rt_entry_postsh_1
    rtentry.o(.ARM.Collect$$rtentry$$00000000) refers (Special) to rtentry2.o(.ARM.Collect$$rtentry$$00000002) for __rt_entry_presh_1
    rtentry.o(.ARM.Collect$$rtentry$$00000000) refers (Special) to rtentry4.o(.ARM.Collect$$rtentry$$00000004) for __rt_entry_sh
    rtentry2.o(.ARM.Collect$$rtentry$$00000008) refers to boardinit2.o(.text) for _platform_post_stackheap_init
    rtentry2.o(.ARM.Collect$$rtentry$$0000000A) refers to libinit.o(.ARM.Collect$$libinit$$00000000) for __rt_lib_init
    rtentry2.o(.ARM.Collect$$rtentry$$0000000B) refers to boardinit3.o(.text) for _platform_post_lib_init
    rtentry2.o(.ARM.Collect$$rtentry$$0000000D) refers to main.o(.text) for main
    rtentry2.o(.ARM.Collect$$rtentry$$0000000D) refers to exit.o(.text) for exit
    rtentry2.o(.ARM.exidx) refers to rtentry2.o(.ARM.Collect$$rtentry$$00000001) for .ARM.Collect$$rtentry$$00000001
    rtentry2.o(.ARM.exidx) refers to rtentry2.o(.ARM.Collect$$rtentry$$00000008) for .ARM.Collect$$rtentry$$00000008
    rtentry2.o(.ARM.exidx) refers to rtentry2.o(.ARM.Collect$$rtentry$$0000000A) for .ARM.Collect$$rtentry$$0000000A
    rtentry2.o(.ARM.exidx) refers to rtentry2.o(.ARM.Collect$$rtentry$$0000000B) for .ARM.Collect$$rtentry$$0000000B
    rtentry2.o(.ARM.exidx) refers to rtentry2.o(.ARM.Collect$$rtentry$$0000000D) for .ARM.Collect$$rtentry$$0000000D
    rtentry4.o(.ARM.Collect$$rtentry$$00000004) refers to sys_stackheap_outer.o(.text) for __user_setup_stackheap
    rtentry4.o(.ARM.exidx) refers to rtentry4.o(.ARM.Collect$$rtentry$$00000004) for .ARM.Collect$$rtentry$$00000004
    sys_stackheap_outer.o(.text) refers to libspace.o(.text) for __user_perproc_libspace
    sys_stackheap_outer.o(.text) refers to startup_stm32f10x_hd.o(.text) for __user_initial_stackheap
    exit.o(.text) refers to rtexit.o(.ARM.Collect$$rtexit$$00000000) for __rt_exit
    libinit.o(.ARM.Collect$$libinit$$00000000) refers (Special) to libinit2.o(.ARM.Collect$$libinit$$0000002A) for __rt_lib_init_alloca_1
    libinit.o(.ARM.Collect$$libinit$$00000000) refers (Special) to libinit2.o(.ARM.Collect$$libinit$$00000028) for __rt_lib_init_argv_1
    libinit.o(.ARM.Collect$$libinit$$00000000) refers (Special) to libinit2.o(.ARM.Collect$$libinit$$00000017) for __rt_lib_init_atexit_1
    libinit.o(.ARM.Collect$$libinit$$00000000) refers (Special) to libinit2.o(.ARM.Collect$$libinit$$0000001D) for __rt_lib_init_clock_1
    libinit.o(.ARM.Collect$$libinit$$00000000) refers (Special) to libinit2.o(.ARM.Collect$$libinit$$0000002E) for __rt_lib_init_cpp_1
    libinit.o(.ARM.Collect$$libinit$$00000000) refers (Special) to libinit2.o(.ARM.Collect$$libinit$$0000002C) for __rt_lib_init_exceptions_1
    libinit.o(.ARM.Collect$$libinit$$00000000) refers (Special) to libinit2.o(.ARM.Collect$$libinit$$0000001B) for __rt_lib_init_fp_trap_1
    libinit.o(.ARM.Collect$$libinit$$00000000) refers (Special) to libinit2.o(.ARM.Collect$$libinit$$0000001F) for __rt_lib_init_getenv_1
    libinit.o(.ARM.Collect$$libinit$$00000000) refers (Special) to libinit2.o(.ARM.Collect$$libinit$$00000006) for __rt_lib_init_heap_1
    libinit.o(.ARM.Collect$$libinit$$00000000) refers (Special) to libinit2.o(.ARM.Collect$$libinit$$0000000D) for __rt_lib_init_lc_collate_1
    libinit.o(.ARM.Collect$$libinit$$00000000) refers (Special) to libinit2.o(.ARM.Collect$$libinit$$0000000F) for __rt_lib_init_lc_ctype_1
    libinit.o(.ARM.Collect$$libinit$$00000000) refers (Special) to libinit2.o(.ARM.Collect$$libinit$$00000011) for __rt_lib_init_lc_monetary_1
    libinit.o(.ARM.Collect$$libinit$$00000000) refers (Special) to libinit2.o(.ARM.Collect$$libinit$$00000013) for __rt_lib_init_lc_numeric_1
    libinit.o(.ARM.Collect$$libinit$$00000000) refers (Special) to libinit2.o(.ARM.Collect$$libinit$$00000015) for __rt_lib_init_lc_time_1
    libinit.o(.ARM.Collect$$libinit$$00000000) refers (Special) to libinit2.o(.ARM.Collect$$libinit$$0000000A) for __rt_lib_init_rand_1
    libinit.o(.ARM.Collect$$libinit$$00000000) refers (Special) to libinit2.o(.ARM.Collect$$libinit$$0000002F) for __rt_lib_init_return
    libinit.o(.ARM.Collect$$libinit$$00000000) refers (Special) to libinit2.o(.ARM.Collect$$libinit$$00000019) for __rt_lib_init_signal_1
    libinit.o(.ARM.Collect$$libinit$$00000000) refers (Special) to libinit2.o(.ARM.Collect$$libinit$$00000021) for __rt_lib_init_stdio_1
    libinit.o(.ARM.Collect$$libinit$$00000000) refers (Special) to libinit2.o(.ARM.Collect$$libinit$$00000008) for __rt_lib_init_user_alloc_1
    libinit.o(.ARM.Collect$$libinit$$00000000) refers to fpinit.o(x$fpl$fpinit) for _fp_init
    libspace.o(.text) refers to libspace.o(.bss) for __libspace_start
    rtexit.o(.ARM.Collect$$rtexit$$00000000) refers (Special) to rtexit2.o(.ARM.Collect$$rtexit$$00000004) for __rt_exit_exit
    rtexit.o(.ARM.Collect$$rtexit$$00000000) refers (Special) to rtexit2.o(.ARM.Collect$$rtexit$$00000003) for __rt_exit_ls
    rtexit.o(.ARM.Collect$$rtexit$$00000000) refers (Special) to rtexit2.o(.ARM.Collect$$rtexit$$00000002) for __rt_exit_prels_1
    rtexit.o(.ARM.exidx) refers (Special) to rtexit2.o(.ARM.Collect$$rtexit$$00000004) for __rt_exit_exit
    rtexit.o(.ARM.exidx) refers (Special) to rtexit2.o(.ARM.Collect$$rtexit$$00000003) for __rt_exit_ls
    rtexit.o(.ARM.exidx) refers (Special) to rtexit2.o(.ARM.Collect$$rtexit$$00000002) for __rt_exit_prels_1
    rtexit.o(.ARM.exidx) refers to rtexit.o(.ARM.Collect$$rtexit$$00000000) for .ARM.Collect$$rtexit$$00000000
    libinit2.o(.ARM.Collect$$libinit$$0000000C) refers to libinit2.o(.ARM.Collect$$libinit$$0000000B) for .ARM.Collect$$libinit$$0000000B
    libinit2.o(.ARM.Collect$$libinit$$0000000E) refers to libinit2.o(.ARM.Collect$$libinit$$0000000B) for .ARM.Collect$$libinit$$0000000B
    libinit2.o(.ARM.Collect$$libinit$$00000010) refers to libinit2.o(.ARM.Collect$$libinit$$0000000B) for .ARM.Collect$$libinit$$0000000B
    libinit2.o(.ARM.Collect$$libinit$$00000012) refers to libinit2.o(.ARM.Collect$$libinit$$0000000B) for .ARM.Collect$$libinit$$0000000B
    libinit2.o(.ARM.Collect$$libinit$$00000014) refers to libinit2.o(.ARM.Collect$$libinit$$0000000B) for .ARM.Collect$$libinit$$0000000B
    libinit2.o(.ARM.Collect$$libinit$$00000022) refers to argv_veneer.o(.emb_text) for __ARM_argv_veneer
    libinit2.o(.ARM.Collect$$libinit$$00000023) refers to argv_veneer.o(.emb_text) for __ARM_argv_veneer
    fpinit.o(x$fpl$fpinit) refers to rt_fp_status_addr_intlibspace.o(.text) for __rt_fp_status_addr
    rtexit2.o(.ARM.Collect$$rtexit$$00000003) refers to libshutdown.o(.ARM.Collect$$libshutdown$$00000000) for __rt_lib_shutdown
    rtexit2.o(.ARM.Collect$$rtexit$$00000004) refers to sys_exit.o(.text) for _sys_exit
    rtexit2.o(.ARM.exidx) refers to rtexit2.o(.ARM.Collect$$rtexit$$00000001) for .ARM.Collect$$rtexit$$00000001
    rtexit2.o(.ARM.exidx) refers to rtexit2.o(.ARM.Collect$$rtexit$$00000003) for .ARM.Collect$$rtexit$$00000003
    rtexit2.o(.ARM.exidx) refers to rtexit2.o(.ARM.Collect$$rtexit$$00000004) for .ARM.Collect$$rtexit$$00000004
    rt_fp_status_addr.o(.text) refers to rt_fp_status_addr.o(.bss) for __rt_fp_status_addr_data
    rt_fp_status_addr_intlibspace.o(.text) refers to libspace.o(.bss) for __libspace_start
    argv_veneer.o(.emb_text) refers to no_argv.o(.text) for __ARM_get_argv
    sys_exit.o(.text) refers (Special) to use_no_semi.o(.text) for __I$use$semihosting
    sys_exit.o(.text) refers (Special) to indicate_semi.o(.text) for __semihosting_library_function
    _get_argv_nomalloc.o(.text) refers (Special) to hrguard.o(.text) for __heap_region$guard
    _get_argv_nomalloc.o(.text) refers to defsig_rtmem_outer.o(.text) for __rt_SIGRTMEM
    _get_argv_nomalloc.o(.text) refers to sys_command.o(.text) for _sys_command_string
    libshutdown.o(.ARM.Collect$$libshutdown$$00000000) refers (Special) to libshutdown2.o(.ARM.Collect$$libshutdown$$00000006) for __rt_lib_shutdown_fp_trap_1
    libshutdown.o(.ARM.Collect$$libshutdown$$00000000) refers (Special) to libshutdown2.o(.ARM.Collect$$libshutdown$$0000000E) for __rt_lib_shutdown_heap_1
    libshutdown.o(.ARM.Collect$$libshutdown$$00000000) refers (Special) to libshutdown2.o(.ARM.Collect$$libshutdown$$0000000F) for __rt_lib_shutdown_return
    libshutdown.o(.ARM.Collect$$libshutdown$$00000000) refers (Special) to libshutdown2.o(.ARM.Collect$$libshutdown$$00000009) for __rt_lib_shutdown_signal_1
    libshutdown.o(.ARM.Collect$$libshutdown$$00000000) refers (Special) to libshutdown2.o(.ARM.Collect$$libshutdown$$00000003) for __rt_lib_shutdown_stdio_1
    libshutdown.o(.ARM.Collect$$libshutdown$$00000000) refers (Special) to libshutdown2.o(.ARM.Collect$$libshutdown$$0000000B) for __rt_lib_shutdown_user_alloc_1
    sys_command.o(.text) refers (Special) to use_no_semi.o(.text) for __I$use$semihosting
    sys_command.o(.text) refers (Special) to indicate_semi.o(.text) for __semihosting_library_function
    defsig_rtmem_outer.o(.text) refers to defsig_rtmem_inner.o(.text) for __rt_SIGRTMEM_inner
    defsig_rtmem_outer.o(.text) refers to defsig_exit.o(.text) for __sig_exit
    defsig_rtmem_formal.o(.text) refers to rt_raise.o(.text) for __rt_raise
    rt_raise.o(.text) refers to __raise.o(.text) for __raise
    rt_raise.o(.text) refers to sys_exit.o(.text) for _sys_exit
    defsig_exit.o(.text) refers to sys_exit.o(.text) for _sys_exit
    defsig_rtmem_inner.o(.text) refers to defsig_general.o(.text) for __default_signal_display
    __raise.o(.text) refers to defsig.o(CL$$defsig) for __default_signal_handler
    defsig_general.o(.text) refers to sys_wrch.o(.text) for _ttywrch
    sys_wrch.o(.text) refers (Special) to use_no_semi.o(.text) for __I$use$semihosting
    sys_wrch.o(.text) refers (Special) to indicate_semi.o(.text) for __semihosting_library_function
    defsig.o(CL$$defsig) refers to defsig_rtmem_inner.o(.text) for __rt_SIGRTMEM_inner
    defsig_abrt_inner.o(.text) refers to defsig_general.o(.text) for __default_signal_display
    defsig_fpe_inner.o(.text) refers to defsig_general.o(.text) for __default_signal_display
    defsig_rtred_inner.o(.text) refers to defsig_general.o(.text) for __default_signal_display
    defsig_stak_inner.o(.text) refers to defsig_general.o(.text) for __default_signal_display
    defsig_pvfn_inner.o(.text) refers to defsig_general.o(.text) for __default_signal_display
    defsig_cppl_inner.o(.text) refers to defsig_general.o(.text) for __default_signal_display
    defsig_segv_inner.o(.text) refers to defsig_general.o(.text) for __default_signal_display
    defsig_other.o(.text) refers to defsig_general.o(.text) for __default_signal_display


==============================================================================

Removing Unused input sections from the image.

    Removing stm32f10x_bkp.o(.text), (172 bytes).
    Removing stm32f10x_pwr.o(.text), (204 bytes).
    Removing stm32f10x_sdio.o(.text), (464 bytes).

3 unused section(s) (total 840 bytes) removed from the image.

==============================================================================

Image Symbol Table

    Local Symbols

    Symbol Name                              Value     Ov Type        Size  Object(Section)

    ../../angel/boardlib.s                   0x00000000   Number         0  boardshut.o ABSOLUTE
    ../../angel/boardlib.s                   0x00000000   Number         0  boardinit1.o ABSOLUTE
    ../../angel/boardlib.s                   0x00000000   Number         0  boardinit2.o ABSOLUTE
    ../../angel/boardlib.s                   0x00000000   Number         0  boardinit3.o ABSOLUTE
    ../../angel/handlers.s                   0x00000000   Number         0  __scatter_zi.o ABSOLUTE
    ../../angel/handlers.s                   0x00000000   Number         0  __scatter_copy.o ABSOLUTE
    ../../angel/kernel.s                     0x00000000   Number         0  rtentry4.o ABSOLUTE
    ../../angel/kernel.s                     0x00000000   Number         0  rtexit2.o ABSOLUTE
    ../../angel/kernel.s                     0x00000000   Number         0  rtentry2.o ABSOLUTE
    ../../angel/kernel.s                     0x00000000   Number         0  rtentry.o ABSOLUTE
    ../../angel/kernel.s                     0x00000000   Number         0  rtexit.o ABSOLUTE
    ../../angel/rt.s                         0x00000000   Number         0  rt_fp_status_addr.o ABSOLUTE
    ../../angel/rt.s                         0x00000000   Number         0  rt_raise.o ABSOLUTE
    ../../angel/rt.s                         0x00000000   Number         0  rt_fp_status_addr_intlibspace.o ABSOLUTE
    ../../angel/scatter.s                    0x00000000   Number         0  __scatter.o ABSOLUTE
    ../../angel/startup.s                    0x00000000   Number         0  __main.o ABSOLUTE
    ../../angel/sys.s                        0x00000000   Number         0  sys_stackheap_outer.o ABSOLUTE
    ../../angel/sys.s                        0x00000000   Number         0  indicate_semi.o ABSOLUTE
    ../../angel/sys.s                        0x00000000   Number         0  libspace.o ABSOLUTE
    ../../angel/sys.s                        0x00000000   Number         0  use_no_semi.o ABSOLUTE
    ../../angel/sysapp.c                     0x00000000   Number         0  sys_command.o ABSOLUTE
    ../../angel/sysapp.c                     0x00000000   Number         0  sys_wrch.o ABSOLUTE
    ../../angel/sysapp.c                     0x00000000   Number         0  sys_exit.o ABSOLUTE
    ../../armsys.c                           0x00000000   Number         0  no_argv.o ABSOLUTE
    ../../armsys.c                           0x00000000   Number         0  _get_argv_nomalloc.o ABSOLUTE
    ../../armsys.c                           0x00000000   Number         0  argv_veneer.o ABSOLUTE
    ../../armsys.c                           0x00000000   Number         0  argv_veneer.o ABSOLUTE
    ../../fpinit.s                           0x00000000   Number         0  fpinit.o ABSOLUTE
    ../../heapalloc.c                        0x00000000   Number         0  hrguard.o ABSOLUTE
    ../../heapaux.c                          0x00000000   Number         0  heapauxi.o ABSOLUTE
    ../../libinit.s                          0x00000000   Number         0  libinit2.o ABSOLUTE
    ../../libinit.s                          0x00000000   Number         0  libinit.o ABSOLUTE
    ../../libinit.s                          0x00000000   Number         0  libshutdown.o ABSOLUTE
    ../../libinit.s                          0x00000000   Number         0  libshutdown2.o ABSOLUTE
    ../../signal.c                           0x00000000   Number         0  defsig_segv_inner.o ABSOLUTE
    ../../signal.c                           0x00000000   Number         0  defsig_other.o ABSOLUTE
    ../../signal.c                           0x00000000   Number         0  defsig_exit.o ABSOLUTE
    ../../signal.c                           0x00000000   Number         0  defsig_rtmem_outer.o ABSOLUTE
    ../../signal.c                           0x00000000   Number         0  defsig_rtmem_formal.o ABSOLUTE
    ../../signal.c                           0x00000000   Number         0  defsig_rtmem_inner.o ABSOLUTE
    ../../signal.c                           0x00000000   Number         0  __raise.o ABSOLUTE
    ../../signal.c                           0x00000000   Number         0  defsig_general.o ABSOLUTE
    ../../signal.c                           0x00000000   Number         0  defsig_abrt_inner.o ABSOLUTE
    ../../signal.c                           0x00000000   Number         0  defsig_fpe_inner.o ABSOLUTE
    ../../signal.c                           0x00000000   Number         0  defsig_rtred_inner.o ABSOLUTE
    ../../signal.c                           0x00000000   Number         0  defsig_stak_inner.o ABSOLUTE
    ../../signal.c                           0x00000000   Number         0  defsig_pvfn_inner.o ABSOLUTE
    ../../signal.c                           0x00000000   Number         0  defsig_cppl_inner.o ABSOLUTE
    ../../signal.s                           0x00000000   Number         0  defsig.o ABSOLUTE
    ../../stdlib.c                           0x00000000   Number         0  exit.o ABSOLUTE
    ../../string.c                           0x00000000   Number         0  strlen.o ABSOLUTE
    ..\Driver\delay.c                        0x00000000   Number         0  delay.o ABSOLUTE
    ..\Driver\driver.c                       0x00000000   Number         0  driver.o ABSOLUTE
    ..\Driver\usart.c                        0x00000000   Number         0  usart.o ABSOLUTE
    ..\Libraries\CMSIS\CM3\CoreSupport\core_cm3.c 0x00000000   Number         0  core_cm3.o ABSOLUTE
    ..\Libraries\CMSIS\CM3\DeviceSupport\ST\STM32F10x\system_stm32f10x.c 0x00000000   Number         0  system_stm32f10x.o ABSOLUTE
    ..\Libraries\STM32F10x_StdPeriph_Driver\src\misc.c 0x00000000   Number         0  misc.o ABSOLUTE
    ..\Libraries\STM32F10x_StdPeriph_Driver\src\stm32f10x_bkp.c 0x00000000   Number         0  stm32f10x_bkp.o ABSOLUTE
    ..\Libraries\STM32F10x_StdPeriph_Driver\src\stm32f10x_flash.c 0x00000000   Number         0  stm32f10x_flash.o ABSOLUTE
    ..\Libraries\STM32F10x_StdPeriph_Driver\src\stm32f10x_gpio.c 0x00000000   Number         0  stm32f10x_gpio.o ABSOLUTE
    ..\Libraries\STM32F10x_StdPeriph_Driver\src\stm32f10x_pwr.c 0x00000000   Number         0  stm32f10x_pwr.o ABSOLUTE
    ..\Libraries\STM32F10x_StdPeriph_Driver\src\stm32f10x_rcc.c 0x00000000   Number         0  stm32f10x_rcc.o ABSOLUTE
    ..\Libraries\STM32F10x_StdPeriph_Driver\src\stm32f10x_sdio.c 0x00000000   Number         0  stm32f10x_sdio.o ABSOLUTE
    ..\Libraries\STM32F10x_StdPeriph_Driver\src\stm32f10x_tim.c 0x00000000   Number         0  stm32f10x_tim.o ABSOLUTE
    ..\Libraries\STM32F10x_StdPeriph_Driver\src\stm32f10x_usart.c 0x00000000   Number         0  stm32f10x_usart.o ABSOLUTE
    ..\User\common.c                         0x00000000   Number         0  common.o ABSOLUTE
    ..\User\main.c                           0x00000000   Number         0  main.o ABSOLUTE
    ..\User\stm32f10x_it.c                   0x00000000   Number         0  stm32f10x_it.o ABSOLUTE
    ..\\Libraries\\CMSIS\\CM3\\CoreSupport\\core_cm3.c 0x00000000   Number         0  core_cm3.o ABSOLUTE
    dc.s                                     0x00000000   Number         0  dc.o ABSOLUTE
    startup_stm32f10x_hd.s                   0x00000000   Number         0  startup_stm32f10x_hd.o ABSOLUTE
    RESET                                    0x08008000   Section      304  startup_stm32f10x_hd.o(RESET)
    !!!main                                  0x08008130   Section        8  __main.o(!!!main)
    !!!scatter                               0x08008138   Section       52  __scatter.o(!!!scatter)
    !!handler_copy                           0x0800816c   Section       26  __scatter_copy.o(!!handler_copy)
    !!handler_zi                             0x08008188   Section       28  __scatter_zi.o(!!handler_zi)
    .ARM.Collect$$libinit$$00000000          0x080081a4   Section        6  libinit.o(.ARM.Collect$$libinit$$00000000)
    .ARM.Collect$$libinit$$00000006          0x080081aa   Section        0  libinit2.o(.ARM.Collect$$libinit$$00000006)
    .ARM.Collect$$libinit$$00000008          0x080081aa   Section        0  libinit2.o(.ARM.Collect$$libinit$$00000008)
    .ARM.Collect$$libinit$$0000000A          0x080081aa   Section        0  libinit2.o(.ARM.Collect$$libinit$$0000000A)
    .ARM.Collect$$libinit$$0000000D          0x080081aa   Section        0  libinit2.o(.ARM.Collect$$libinit$$0000000D)
    .ARM.Collect$$libinit$$0000000F          0x080081aa   Section        0  libinit2.o(.ARM.Collect$$libinit$$0000000F)
    .ARM.Collect$$libinit$$00000011          0x080081aa   Section        0  libinit2.o(.ARM.Collect$$libinit$$00000011)
    .ARM.Collect$$libinit$$00000013          0x080081aa   Section        0  libinit2.o(.ARM.Collect$$libinit$$00000013)
    .ARM.Collect$$libinit$$00000015          0x080081aa   Section        0  libinit2.o(.ARM.Collect$$libinit$$00000015)
    .ARM.Collect$$libinit$$00000017          0x080081aa   Section        0  libinit2.o(.ARM.Collect$$libinit$$00000017)
    .ARM.Collect$$libinit$$00000019          0x080081aa   Section        0  libinit2.o(.ARM.Collect$$libinit$$00000019)
    .ARM.Collect$$libinit$$0000001B          0x080081aa   Section        0  libinit2.o(.ARM.Collect$$libinit$$0000001B)
    .ARM.Collect$$libinit$$0000001D          0x080081aa   Section        0  libinit2.o(.ARM.Collect$$libinit$$0000001D)
    .ARM.Collect$$libinit$$0000001F          0x080081aa   Section        0  libinit2.o(.ARM.Collect$$libinit$$0000001F)
    .ARM.Collect$$libinit$$00000021          0x080081aa   Section        0  libinit2.o(.ARM.Collect$$libinit$$00000021)
    .ARM.Collect$$libinit$$00000028          0x080081aa   Section        0  libinit2.o(.ARM.Collect$$libinit$$00000028)
    .ARM.Collect$$libinit$$0000002A          0x080081aa   Section        0  libinit2.o(.ARM.Collect$$libinit$$0000002A)
    .ARM.Collect$$libinit$$0000002C          0x080081aa   Section        0  libinit2.o(.ARM.Collect$$libinit$$0000002C)
    .ARM.Collect$$libinit$$0000002E          0x080081aa   Section        0  libinit2.o(.ARM.Collect$$libinit$$0000002E)
    .ARM.Collect$$libinit$$0000002F          0x080081aa   Section        2  libinit2.o(.ARM.Collect$$libinit$$0000002F)
    .ARM.Collect$$libshutdown$$00000000      0x080081ac   Section        2  libshutdown.o(.ARM.Collect$$libshutdown$$00000000)
    .ARM.Collect$$libshutdown$$00000003      0x080081ae   Section        0  libshutdown2.o(.ARM.Collect$$libshutdown$$00000003)
    .ARM.Collect$$libshutdown$$00000006      0x080081ae   Section        0  libshutdown2.o(.ARM.Collect$$libshutdown$$00000006)
    .ARM.Collect$$libshutdown$$00000009      0x080081ae   Section        0  libshutdown2.o(.ARM.Collect$$libshutdown$$00000009)
    .ARM.Collect$$libshutdown$$0000000B      0x080081ae   Section        0  libshutdown2.o(.ARM.Collect$$libshutdown$$0000000B)
    .ARM.Collect$$libshutdown$$0000000E      0x080081ae   Section        0  libshutdown2.o(.ARM.Collect$$libshutdown$$0000000E)
    .ARM.Collect$$libshutdown$$0000000F      0x080081ae   Section        2  libshutdown2.o(.ARM.Collect$$libshutdown$$0000000F)
    .ARM.Collect$$rtentry$$00000000          0x080081b0   Section        0  rtentry.o(.ARM.Collect$$rtentry$$00000000)
    .ARM.Collect$$rtentry$$00000002          0x080081b0   Section        0  rtentry2.o(.ARM.Collect$$rtentry$$00000002)
    .ARM.Collect$$rtentry$$00000004          0x080081b0   Section        6  rtentry4.o(.ARM.Collect$$rtentry$$00000004)
    .ARM.Collect$$rtentry$$00000009          0x080081b6   Section        0  rtentry2.o(.ARM.Collect$$rtentry$$00000009)
    .ARM.Collect$$rtentry$$0000000A          0x080081b6   Section        4  rtentry2.o(.ARM.Collect$$rtentry$$0000000A)
    .ARM.Collect$$rtentry$$0000000C          0x080081ba   Section        0  rtentry2.o(.ARM.Collect$$rtentry$$0000000C)
    .ARM.Collect$$rtentry$$0000000D          0x080081ba   Section        8  rtentry2.o(.ARM.Collect$$rtentry$$0000000D)
    .ARM.Collect$$rtexit$$00000000           0x080081c2   Section        2  rtexit.o(.ARM.Collect$$rtexit$$00000000)
    .ARM.Collect$$rtexit$$00000002           0x080081c4   Section        0  rtexit2.o(.ARM.Collect$$rtexit$$00000002)
    .ARM.Collect$$rtexit$$00000003           0x080081c4   Section        4  rtexit2.o(.ARM.Collect$$rtexit$$00000003)
    .ARM.Collect$$rtexit$$00000004           0x080081c8   Section        6  rtexit2.o(.ARM.Collect$$rtexit$$00000004)
    .emb_text                                0x080081d0   Section       32  core_cm3.o(.emb_text)
    .text                                    0x080081f0   Section       64  startup_stm32f10x_hd.o(.text)
    .text                                    0x08008230   Section        0  stm32f10x_flash.o(.text)
    .text                                    0x080087e8   Section        0  stm32f10x_gpio.o(.text)
    .text                                    0x08008b40   Section        0  stm32f10x_rcc.o(.text)
    .text                                    0x08008ee0   Section        0  stm32f10x_tim.o(.text)
    TI4_Config                               0x0800936b   Thumb Code   118  stm32f10x_tim.o(.text)
    TI3_Config                               0x080093f3   Thumb Code   114  stm32f10x_tim.o(.text)
    TI2_Config                               0x0800947b   Thumb Code   118  stm32f10x_tim.o(.text)
    TI1_Config                               0x08009503   Thumb Code   106  stm32f10x_tim.o(.text)
    .text                                    0x08009c90   Section        0  stm32f10x_usart.o(.text)
    .text                                    0x0800a09c   Section        0  misc.o(.text)
    .text                                    0x0800a178   Section        0  system_stm32f10x.o(.text)
    SetSysClockTo72                          0x0800a179   Thumb Code   192  system_stm32f10x.o(.text)
    SetSysClock                              0x0800a239   Thumb Code     8  system_stm32f10x.o(.text)
    .text                                    0x0800a340   Section        0  main.o(.text)
    .text                                    0x0800a36c   Section        0  stm32f10x_it.o(.text)
    .text                                    0x0800a41c   Section        0  common.o(.text)
    .text                                    0x0800a4b0   Section        0  driver.o(.text)
    .text                                    0x0800a664   Section        0  usart.o(.text)
    .text                                    0x0800a6ac   Section        0  delay.o(.text)
    .text                                    0x0800a760   Section        0  strlen.o(.text)
    .text                                    0x0800a79e   Section        0  heapauxi.o(.text)
    .text                                    0x0800a7a4   Section       74  sys_stackheap_outer.o(.text)
    .text                                    0x0800a7ee   Section        0  exit.o(.text)
    .text                                    0x0800a7fc   Section        8  libspace.o(.text)
    .text                                    0x0800a804   Section        8  rt_fp_status_addr_intlibspace.o(.text)
    .text                                    0x0800a80c   Section        0  sys_exit.o(.text)
    .text                                    0x0800a818   Section        2  use_no_semi.o(.text)
    .text                                    0x0800a81a   Section        0  indicate_semi.o(.text)
    x$fpl$fpinit                             0x0800a81a   Section       14  fpinit.o(x$fpl$fpinit)
    .data                                    0x20000000   Section       20  stm32f10x_rcc.o(.data)
    APBAHBPrescTable                         0x20000000   Data          16  stm32f10x_rcc.o(.data)
    ADCPrescTable                            0x20000010   Data           4  stm32f10x_rcc.o(.data)
    .data                                    0x20000014   Section       20  system_stm32f10x.o(.data)
    .data                                    0x20000028   Section       20  common.o(.data)
    .data                                    0x2000003c   Section        8  driver.o(.data)
    .bss                                     0x20000044   Section       96  libspace.o(.bss)
    HEAP                                     0x200000a8   Section      512  startup_stm32f10x_hd.o(HEAP)
    Heap_Mem                                 0x200000a8   Data         512  startup_stm32f10x_hd.o(HEAP)
    STACK                                    0x200002a8   Section     1024  startup_stm32f10x_hd.o(STACK)
    Stack_Mem                                0x200002a8   Data        1024  startup_stm32f10x_hd.o(STACK)
    __initial_sp                             0x200006a8   Data           0  startup_stm32f10x_hd.o(STACK)

    Global Symbols

    Symbol Name                              Value     Ov Type        Size  Object(Section)

    BuildAttributes$$THM_ISAv4$P$D$K$B$S$PE$A:L22UL41UL21$X:L11$S22US41US21$IEEE1$IW$USESV6$~STKCKD$USESV7$~SHL$OSPACE$ROPI$EBA8$UX$STANDARDLIB$REQ8$PRES8$EABIv2 0x00000000   Number         0  anon$$obj.o ABSOLUTE
    __ARM_use_no_argv                        0x00000000   Number         0  main.o ABSOLUTE
    __ARM_exceptions_init                     - Undefined Weak Reference
    __alloca_initialize                       - Undefined Weak Reference
    __cpp_initialize__aeabi_                  - Undefined Weak Reference
    __cxa_finalize                            - Undefined Weak Reference
    __rt_locale                               - Undefined Weak Reference
    __sigvec_lookup                           - Undefined Weak Reference
    _atexit_init                              - Undefined Weak Reference
    _call_atexit_fns                          - Undefined Weak Reference
    _clock_init                               - Undefined Weak Reference
    _fp_trap_init                             - Undefined Weak Reference
    _fp_trap_shutdown                         - Undefined Weak Reference
    _get_lc_collate                           - Undefined Weak Reference
    _get_lc_ctype                             - Undefined Weak Reference
    _get_lc_monetary                          - Undefined Weak Reference
    _get_lc_numeric                           - Undefined Weak Reference
    _get_lc_time                              - Undefined Weak Reference
    _getenv_init                              - Undefined Weak Reference
    _handle_redirection                       - Undefined Weak Reference
    _init_alloc                               - Undefined Weak Reference
    _init_user_alloc                          - Undefined Weak Reference
    _initio                                   - Undefined Weak Reference
    _rand_init                                - Undefined Weak Reference
    _signal_finish                            - Undefined Weak Reference
    _signal_init                              - Undefined Weak Reference
    _terminate_alloc                          - Undefined Weak Reference
    _terminate_user_alloc                     - Undefined Weak Reference
    _terminateio                              - Undefined Weak Reference
    __Vectors_Size                           0x00000130   Number         0  startup_stm32f10x_hd.o ABSOLUTE
    __Vectors                                0x08008000   Data           4  startup_stm32f10x_hd.o(RESET)
    __Vectors_End                            0x08008130   Data           0  startup_stm32f10x_hd.o(RESET)
    __main                                   0x08008131   Thumb Code     8  __main.o(!!!main)
    __scatterload                            0x08008139   Thumb Code     0  __scatter.o(!!!scatter)
    __scatterload_rt2                        0x08008139   Thumb Code    44  __scatter.o(!!!scatter)
    __scatterload_rt2_thumb_only             0x08008139   Thumb Code     0  __scatter.o(!!!scatter)
    __scatterload_null                       0x08008147   Thumb Code     0  __scatter.o(!!!scatter)
    __scatterload_copy                       0x0800816d   Thumb Code    26  __scatter_copy.o(!!handler_copy)
    __scatterload_zeroinit                   0x08008189   Thumb Code    28  __scatter_zi.o(!!handler_zi)
    __rt_lib_init                            0x080081a5   Thumb Code     0  libinit.o(.ARM.Collect$$libinit$$00000000)
    __rt_lib_init_alloca_1                   0x080081ab   Thumb Code     0  libinit2.o(.ARM.Collect$$libinit$$0000002A)
    __rt_lib_init_argv_1                     0x080081ab   Thumb Code     0  libinit2.o(.ARM.Collect$$libinit$$00000028)
    __rt_lib_init_atexit_1                   0x080081ab   Thumb Code     0  libinit2.o(.ARM.Collect$$libinit$$00000017)
    __rt_lib_init_clock_1                    0x080081ab   Thumb Code     0  libinit2.o(.ARM.Collect$$libinit$$0000001D)
    __rt_lib_init_cpp_1                      0x080081ab   Thumb Code     0  libinit2.o(.ARM.Collect$$libinit$$0000002E)
    __rt_lib_init_exceptions_1               0x080081ab   Thumb Code     0  libinit2.o(.ARM.Collect$$libinit$$0000002C)
    __rt_lib_init_fp_trap_1                  0x080081ab   Thumb Code     0  libinit2.o(.ARM.Collect$$libinit$$0000001B)
    __rt_lib_init_getenv_1                   0x080081ab   Thumb Code     0  libinit2.o(.ARM.Collect$$libinit$$0000001F)
    __rt_lib_init_heap_1                     0x080081ab   Thumb Code     0  libinit2.o(.ARM.Collect$$libinit$$00000006)
    __rt_lib_init_lc_collate_1               0x080081ab   Thumb Code     0  libinit2.o(.ARM.Collect$$libinit$$0000000D)
    __rt_lib_init_lc_ctype_1                 0x080081ab   Thumb Code     0  libinit2.o(.ARM.Collect$$libinit$$0000000F)
    __rt_lib_init_lc_monetary_1              0x080081ab   Thumb Code     0  libinit2.o(.ARM.Collect$$libinit$$00000011)
    __rt_lib_init_lc_numeric_1               0x080081ab   Thumb Code     0  libinit2.o(.ARM.Collect$$libinit$$00000013)
    __rt_lib_init_lc_time_1                  0x080081ab   Thumb Code     0  libinit2.o(.ARM.Collect$$libinit$$00000015)
    __rt_lib_init_rand_1                     0x080081ab   Thumb Code     0  libinit2.o(.ARM.Collect$$libinit$$0000000A)
    __rt_lib_init_return                     0x080081ab   Thumb Code     0  libinit2.o(.ARM.Collect$$libinit$$0000002F)
    __rt_lib_init_signal_1                   0x080081ab   Thumb Code     0  libinit2.o(.ARM.Collect$$libinit$$00000019)
    __rt_lib_init_stdio_1                    0x080081ab   Thumb Code     0  libinit2.o(.ARM.Collect$$libinit$$00000021)
    __rt_lib_init_user_alloc_1               0x080081ab   Thumb Code     0  libinit2.o(.ARM.Collect$$libinit$$00000008)
    __rt_lib_shutdown                        0x080081ad   Thumb Code     0  libshutdown.o(.ARM.Collect$$libshutdown$$00000000)
    __rt_lib_shutdown_fp_trap_1              0x080081af   Thumb Code     0  libshutdown2.o(.ARM.Collect$$libshutdown$$00000006)
    __rt_lib_shutdown_heap_1                 0x080081af   Thumb Code     0  libshutdown2.o(.ARM.Collect$$libshutdown$$0000000E)
    __rt_lib_shutdown_return                 0x080081af   Thumb Code     0  libshutdown2.o(.ARM.Collect$$libshutdown$$0000000F)
    __rt_lib_shutdown_signal_1               0x080081af   Thumb Code     0  libshutdown2.o(.ARM.Collect$$libshutdown$$00000009)
    __rt_lib_shutdown_stdio_1                0x080081af   Thumb Code     0  libshutdown2.o(.ARM.Collect$$libshutdown$$00000003)
    __rt_lib_shutdown_user_alloc_1           0x080081af   Thumb Code     0  libshutdown2.o(.ARM.Collect$$libshutdown$$0000000B)
    __rt_entry                               0x080081b1   Thumb Code     0  rtentry.o(.ARM.Collect$$rtentry$$00000000)
    __rt_entry_presh_1                       0x080081b1   Thumb Code     0  rtentry2.o(.ARM.Collect$$rtentry$$00000002)
    __rt_entry_sh                            0x080081b1   Thumb Code     0  rtentry4.o(.ARM.Collect$$rtentry$$00000004)
    __rt_entry_li                            0x080081b7   Thumb Code     0  rtentry2.o(.ARM.Collect$$rtentry$$0000000A)
    __rt_entry_postsh_1                      0x080081b7   Thumb Code     0  rtentry2.o(.ARM.Collect$$rtentry$$00000009)
    __rt_entry_main                          0x080081bb   Thumb Code     0  rtentry2.o(.ARM.Collect$$rtentry$$0000000D)
    __rt_entry_postli_1                      0x080081bb   Thumb Code     0  rtentry2.o(.ARM.Collect$$rtentry$$0000000C)
    __rt_exit                                0x080081c3   Thumb Code     0  rtexit.o(.ARM.Collect$$rtexit$$00000000)
    __rt_exit_ls                             0x080081c5   Thumb Code     0  rtexit2.o(.ARM.Collect$$rtexit$$00000003)
    __rt_exit_prels_1                        0x080081c5   Thumb Code     0  rtexit2.o(.ARM.Collect$$rtexit$$00000002)
    __rt_exit_exit                           0x080081c9   Thumb Code     0  rtexit2.o(.ARM.Collect$$rtexit$$00000004)
    __get_PSP                                0x080081d1   Thumb Code     6  core_cm3.o(.emb_text)
    __set_PSP                                0x080081d7   Thumb Code     6  core_cm3.o(.emb_text)
    __get_MSP                                0x080081dd   Thumb Code     6  core_cm3.o(.emb_text)
    __set_MSP                                0x080081e3   Thumb Code     6  core_cm3.o(.emb_text)
    __REV16                                  0x080081e9   Thumb Code     4  core_cm3.o(.emb_text)
    __REVSH                                  0x080081ed   Thumb Code     4  core_cm3.o(.emb_text)
    Reset_Handler                            0x080081f1   Thumb Code     8  startup_stm32f10x_hd.o(.text)
    ADC3_IRQHandler                          0x0800820b   Thumb Code     0  startup_stm32f10x_hd.o(.text)
    DMA2_Channel1_IRQHandler                 0x0800820b   Thumb Code     0  startup_stm32f10x_hd.o(.text)
    DMA2_Channel2_IRQHandler                 0x0800820b   Thumb Code     0  startup_stm32f10x_hd.o(.text)
    DMA2_Channel3_IRQHandler                 0x0800820b   Thumb Code     0  startup_stm32f10x_hd.o(.text)
    DMA2_Channel4_5_IRQHandler               0x0800820b   Thumb Code     0  startup_stm32f10x_hd.o(.text)
    FSMC_IRQHandler                          0x0800820b   Thumb Code     0  startup_stm32f10x_hd.o(.text)
    SDIO_IRQHandler                          0x0800820b   Thumb Code     0  startup_stm32f10x_hd.o(.text)
    SPI3_IRQHandler                          0x0800820b   Thumb Code     0  startup_stm32f10x_hd.o(.text)
    TIM5_IRQHandler                          0x0800820b   Thumb Code     0  startup_stm32f10x_hd.o(.text)
    TIM6_IRQHandler                          0x0800820b   Thumb Code     0  startup_stm32f10x_hd.o(.text)
    TIM7_IRQHandler                          0x0800820b   Thumb Code     0  startup_stm32f10x_hd.o(.text)
    TIM8_BRK_IRQHandler                      0x0800820b   Thumb Code     0  startup_stm32f10x_hd.o(.text)
    TIM8_CC_IRQHandler                       0x0800820b   Thumb Code     0  startup_stm32f10x_hd.o(.text)
    TIM8_TRG_COM_IRQHandler                  0x0800820b   Thumb Code     0  startup_stm32f10x_hd.o(.text)
    TIM8_UP_IRQHandler                       0x0800820b   Thumb Code     0  startup_stm32f10x_hd.o(.text)
    UART4_IRQHandler                         0x0800820b   Thumb Code     0  startup_stm32f10x_hd.o(.text)
    USBWakeUp_IRQHandler                     0x0800820b   Thumb Code     0  startup_stm32f10x_hd.o(.text)
    USB_HP_CAN1_TX_IRQHandler                0x0800820b   Thumb Code     0  startup_stm32f10x_hd.o(.text)
    USB_LP_CAN1_RX0_IRQHandler               0x0800820b   Thumb Code     0  startup_stm32f10x_hd.o(.text)
    __user_initial_stackheap                 0x0800820d   Thumb Code     0  startup_stm32f10x_hd.o(.text)
    FLASH_SetLatency                         0x08008231   Thumb Code    18  stm32f10x_flash.o(.text)
    FLASH_HalfCycleAccessCmd                 0x08008243   Thumb Code    22  stm32f10x_flash.o(.text)
    FLASH_PrefetchBufferCmd                  0x08008259   Thumb Code    22  stm32f10x_flash.o(.text)
    FLASH_Unlock                             0x0800826f   Thumb Code    12  stm32f10x_flash.o(.text)
    FLASH_UnlockBank1                        0x0800827b   Thumb Code    12  stm32f10x_flash.o(.text)
    FLASH_Lock                               0x08008287   Thumb Code    14  stm32f10x_flash.o(.text)
    FLASH_LockBank1                          0x08008295   Thumb Code    14  stm32f10x_flash.o(.text)
    FLASH_GetBank1Status                     0x080082a3   Thumb Code    50  stm32f10x_flash.o(.text)
    FLASH_WaitForLastOperation               0x080082d5   Thumb Code    38  stm32f10x_flash.o(.text)
    FLASH_ErasePage                          0x080082fb   Thumb Code    72  stm32f10x_flash.o(.text)
    FLASH_EraseAllPages                      0x08008343   Thumb Code    68  stm32f10x_flash.o(.text)
    FLASH_WaitForLastBank1Operation          0x08008387   Thumb Code    38  stm32f10x_flash.o(.text)
    FLASH_EraseAllBank1Pages                 0x080083ad   Thumb Code    68  stm32f10x_flash.o(.text)
    FLASH_GetReadOutProtectionStatus         0x080083f1   Thumb Code    20  stm32f10x_flash.o(.text)
    FLASH_EraseOptionBytes                   0x08008405   Thumb Code   150  stm32f10x_flash.o(.text)
    FLASH_ProgramWord                        0x0800849b   Thumb Code    96  stm32f10x_flash.o(.text)
    FLASH_ProgramHalfWord                    0x080084fb   Thumb Code    60  stm32f10x_flash.o(.text)
    FLASH_ProgramOptionByteData              0x08008537   Thumb Code    72  stm32f10x_flash.o(.text)
    FLASH_EnableWriteProtection              0x0800857f   Thumb Code   200  stm32f10x_flash.o(.text)
    FLASH_ReadOutProtection                  0x08008647   Thumb Code   156  stm32f10x_flash.o(.text)
    FLASH_UserOptionByteConfig               0x080086e3   Thumb Code    88  stm32f10x_flash.o(.text)
    FLASH_GetUserOptionByte                  0x0800873b   Thumb Code     8  stm32f10x_flash.o(.text)
    FLASH_GetWriteProtectionOptionByte       0x08008743   Thumb Code     6  stm32f10x_flash.o(.text)
    FLASH_GetPrefetchBufferStatus            0x08008749   Thumb Code    20  stm32f10x_flash.o(.text)
    FLASH_ITConfig                           0x0800875d   Thumb Code    26  stm32f10x_flash.o(.text)
    FLASH_GetFlagStatus                      0x08008777   Thumb Code    42  stm32f10x_flash.o(.text)
    FLASH_ClearFlag                          0x080087a1   Thumb Code     6  stm32f10x_flash.o(.text)
    FLASH_GetStatus                          0x080087a7   Thumb Code    50  stm32f10x_flash.o(.text)
    GPIO_DeInit                              0x080087e9   Thumb Code   172  stm32f10x_gpio.o(.text)
    GPIO_AFIODeInit                          0x08008895   Thumb Code    20  stm32f10x_gpio.o(.text)
    GPIO_Init                                0x080088a9   Thumb Code   274  stm32f10x_gpio.o(.text)
    GPIO_StructInit                          0x080089bb   Thumb Code    16  stm32f10x_gpio.o(.text)
    GPIO_ReadInputDataBit                    0x080089cb   Thumb Code    18  stm32f10x_gpio.o(.text)
    GPIO_ReadInputData                       0x080089dd   Thumb Code     8  stm32f10x_gpio.o(.text)
    GPIO_ReadOutputDataBit                   0x080089e5   Thumb Code    18  stm32f10x_gpio.o(.text)
    GPIO_ReadOutputData                      0x080089f7   Thumb Code     8  stm32f10x_gpio.o(.text)
    GPIO_SetBits                             0x080089ff   Thumb Code     4  stm32f10x_gpio.o(.text)
    GPIO_ResetBits                           0x08008a03   Thumb Code     4  stm32f10x_gpio.o(.text)
    GPIO_WriteBit                            0x08008a07   Thumb Code    10  stm32f10x_gpio.o(.text)
    GPIO_Write                               0x08008a11   Thumb Code     4  stm32f10x_gpio.o(.text)
    GPIO_PinLockConfig                       0x08008a15   Thumb Code    18  stm32f10x_gpio.o(.text)
    GPIO_EventOutputConfig                   0x08008a27   Thumb Code    26  stm32f10x_gpio.o(.text)
    GPIO_EventOutputCmd                      0x08008a41   Thumb Code     6  stm32f10x_gpio.o(.text)
    GPIO_PinRemapConfig                      0x08008a47   Thumb Code   138  stm32f10x_gpio.o(.text)
    GPIO_EXTILineConfig                      0x08008ad1   Thumb Code    66  stm32f10x_gpio.o(.text)
    GPIO_ETH_MediaInterfaceConfig            0x08008b13   Thumb Code     6  stm32f10x_gpio.o(.text)
    RCC_DeInit                               0x08008b41   Thumb Code    64  stm32f10x_rcc.o(.text)
    RCC_HSEConfig                            0x08008b81   Thumb Code    70  stm32f10x_rcc.o(.text)
    RCC_GetFlagStatus                        0x08008bc7   Thumb Code    56  stm32f10x_rcc.o(.text)
    RCC_WaitForHSEStartUp                    0x08008bff   Thumb Code    48  stm32f10x_rcc.o(.text)
    RCC_AdjustHSICalibrationValue            0x08008c2f   Thumb Code    20  stm32f10x_rcc.o(.text)
    RCC_HSICmd                               0x08008c43   Thumb Code     6  stm32f10x_rcc.o(.text)
    RCC_PLLConfig                            0x08008c49   Thumb Code    24  stm32f10x_rcc.o(.text)
    RCC_PLLCmd                               0x08008c61   Thumb Code     6  stm32f10x_rcc.o(.text)
    RCC_SYSCLKConfig                         0x08008c67   Thumb Code    18  stm32f10x_rcc.o(.text)
    RCC_GetSYSCLKSource                      0x08008c79   Thumb Code    10  stm32f10x_rcc.o(.text)
    RCC_HCLKConfig                           0x08008c83   Thumb Code    18  stm32f10x_rcc.o(.text)
    RCC_PCLK1Config                          0x08008c95   Thumb Code    18  stm32f10x_rcc.o(.text)
    RCC_PCLK2Config                          0x08008ca7   Thumb Code    20  stm32f10x_rcc.o(.text)
    RCC_ITConfig                             0x08008cbb   Thumb Code    30  stm32f10x_rcc.o(.text)
    RCC_USBCLKConfig                         0x08008cd9   Thumb Code     6  stm32f10x_rcc.o(.text)
    RCC_ADCCLKConfig                         0x08008cdf   Thumb Code    18  stm32f10x_rcc.o(.text)
    RCC_LSEConfig                            0x08008cf1   Thumb Code    44  stm32f10x_rcc.o(.text)
    RCC_LSICmd                               0x08008d1d   Thumb Code     6  stm32f10x_rcc.o(.text)
    RCC_RTCCLKConfig                         0x08008d23   Thumb Code    12  stm32f10x_rcc.o(.text)
    RCC_RTCCLKCmd                            0x08008d2f   Thumb Code     8  stm32f10x_rcc.o(.text)
    RCC_GetClocksFreq                        0x08008d37   Thumb Code   192  stm32f10x_rcc.o(.text)
    RCC_AHBPeriphClockCmd                    0x08008df7   Thumb Code    26  stm32f10x_rcc.o(.text)
    RCC_APB2PeriphClockCmd                   0x08008e11   Thumb Code    26  stm32f10x_rcc.o(.text)
    RCC_APB1PeriphClockCmd                   0x08008e2b   Thumb Code    26  stm32f10x_rcc.o(.text)
    RCC_APB2PeriphResetCmd                   0x08008e45   Thumb Code    26  stm32f10x_rcc.o(.text)
    RCC_APB1PeriphResetCmd                   0x08008e5f   Thumb Code    26  stm32f10x_rcc.o(.text)
    RCC_BackupResetCmd                       0x08008e79   Thumb Code     8  stm32f10x_rcc.o(.text)
    RCC_ClockSecuritySystemCmd               0x08008e81   Thumb Code     6  stm32f10x_rcc.o(.text)
    RCC_MCOConfig                            0x08008e87   Thumb Code     6  stm32f10x_rcc.o(.text)
    RCC_ClearFlag                            0x08008e8d   Thumb Code    14  stm32f10x_rcc.o(.text)
    RCC_GetITStatus                          0x08008e9b   Thumb Code    20  stm32f10x_rcc.o(.text)
    RCC_ClearITPendingBit                    0x08008eaf   Thumb Code     6  stm32f10x_rcc.o(.text)
    TIM_DeInit                               0x08008ee1   Thumb Code   424  stm32f10x_tim.o(.text)
    TIM_TimeBaseInit                         0x08009089   Thumb Code   122  stm32f10x_tim.o(.text)
    TIM_OC1Init                              0x08009103   Thumb Code   132  stm32f10x_tim.o(.text)
    TIM_OC2Init                              0x08009187   Thumb Code   146  stm32f10x_tim.o(.text)
    TIM_OC3Init                              0x08009219   Thumb Code   142  stm32f10x_tim.o(.text)
    TIM_OC4Init                              0x080092a7   Thumb Code   174  stm32f10x_tim.o(.text)
    TIM_SetIC4Prescaler                      0x08009355   Thumb Code    22  stm32f10x_tim.o(.text)
    TIM_SetIC3Prescaler                      0x080093e1   Thumb Code    18  stm32f10x_tim.o(.text)
    TIM_SetIC2Prescaler                      0x08009465   Thumb Code    22  stm32f10x_tim.o(.text)
    TIM_SetIC1Prescaler                      0x080094f1   Thumb Code    18  stm32f10x_tim.o(.text)
    TIM_ICInit                               0x0800956d   Thumb Code   150  stm32f10x_tim.o(.text)
    TIM_PWMIConfig                           0x08009603   Thumb Code   124  stm32f10x_tim.o(.text)
    TIM_BDTRConfig                           0x0800967f   Thumb Code    32  stm32f10x_tim.o(.text)
    TIM_TimeBaseStructInit                   0x0800969f   Thumb Code    18  stm32f10x_tim.o(.text)
    TIM_OCStructInit                         0x080096b1   Thumb Code    20  stm32f10x_tim.o(.text)
    TIM_ICStructInit                         0x080096c5   Thumb Code    18  stm32f10x_tim.o(.text)
    TIM_BDTRStructInit                       0x080096d7   Thumb Code    18  stm32f10x_tim.o(.text)
    TIM_Cmd                                  0x080096e9   Thumb Code    24  stm32f10x_tim.o(.text)
    TIM_CtrlPWMOutputs                       0x08009701   Thumb Code    50  stm32f10x_tim.o(.text)
    TIM_ITConfig                             0x08009733   Thumb Code    24  stm32f10x_tim.o(.text)
    TIM_GenerateEvent                        0x0800974b   Thumb Code     4  stm32f10x_tim.o(.text)
    TIM_DMAConfig                            0x0800974f   Thumb Code    10  stm32f10x_tim.o(.text)
    TIM_DMACmd                               0x08009759   Thumb Code    24  stm32f10x_tim.o(.text)
    TIM_InternalClockConfig                  0x08009771   Thumb Code    12  stm32f10x_tim.o(.text)
    TIM_SelectInputTrigger                   0x0800977d   Thumb Code    18  stm32f10x_tim.o(.text)
    TIM_ITRxExternalClockConfig              0x0800978f   Thumb Code    24  stm32f10x_tim.o(.text)
    TIM_TIxExternalClockConfig               0x080097a7   Thumb Code    62  stm32f10x_tim.o(.text)
    TIM_ETRConfig                            0x080097e5   Thumb Code    24  stm32f10x_tim.o(.text)
    TIM_ETRClockMode1Config                  0x080097fd   Thumb Code    54  stm32f10x_tim.o(.text)
    TIM_ETRClockMode2Config                  0x08009833   Thumb Code    32  stm32f10x_tim.o(.text)
    TIM_PrescalerConfig                      0x08009853   Thumb Code     6  stm32f10x_tim.o(.text)
    TIM_CounterModeConfig                    0x08009859   Thumb Code    18  stm32f10x_tim.o(.text)
    TIM_EncoderInterfaceConfig               0x0800986b   Thumb Code    62  stm32f10x_tim.o(.text)
    TIM_ForcedOC1Config                      0x080098a9   Thumb Code    18  stm32f10x_tim.o(.text)
    TIM_ForcedOC2Config                      0x080098bb   Thumb Code    22  stm32f10x_tim.o(.text)
    TIM_ForcedOC3Config                      0x080098d1   Thumb Code    18  stm32f10x_tim.o(.text)
    TIM_ForcedOC4Config                      0x080098e3   Thumb Code    22  stm32f10x_tim.o(.text)
    TIM_ARRPreloadConfig                     0x080098f9   Thumb Code    24  stm32f10x_tim.o(.text)
    TIM_SelectCOM                            0x08009911   Thumb Code    24  stm32f10x_tim.o(.text)
    TIM_SelectCCDMA                          0x08009929   Thumb Code    24  stm32f10x_tim.o(.text)
    TIM_CCPreloadControl                     0x08009941   Thumb Code    24  stm32f10x_tim.o(.text)
    TIM_OC1PreloadConfig                     0x08009959   Thumb Code    18  stm32f10x_tim.o(.text)
    TIM_OC2PreloadConfig                     0x0800996b   Thumb Code    22  stm32f10x_tim.o(.text)
    TIM_OC3PreloadConfig                     0x08009981   Thumb Code    18  stm32f10x_tim.o(.text)
    TIM_OC4PreloadConfig                     0x08009993   Thumb Code    22  stm32f10x_tim.o(.text)
    TIM_OC1FastConfig                        0x080099a9   Thumb Code    18  stm32f10x_tim.o(.text)
    TIM_OC2FastConfig                        0x080099bb   Thumb Code    22  stm32f10x_tim.o(.text)
    TIM_OC3FastConfig                        0x080099d1   Thumb Code    18  stm32f10x_tim.o(.text)
    TIM_OC4FastConfig                        0x080099e3   Thumb Code    22  stm32f10x_tim.o(.text)
    TIM_ClearOC1Ref                          0x080099f9   Thumb Code    18  stm32f10x_tim.o(.text)
    TIM_ClearOC2Ref                          0x08009a0b   Thumb Code    20  stm32f10x_tim.o(.text)
    TIM_ClearOC3Ref                          0x08009a1f   Thumb Code    18  stm32f10x_tim.o(.text)
    TIM_ClearOC4Ref                          0x08009a31   Thumb Code    20  stm32f10x_tim.o(.text)
    TIM_OC1PolarityConfig                    0x08009a45   Thumb Code    18  stm32f10x_tim.o(.text)
    TIM_OC1NPolarityConfig                   0x08009a57   Thumb Code    18  stm32f10x_tim.o(.text)
    TIM_OC2PolarityConfig                    0x08009a69   Thumb Code    22  stm32f10x_tim.o(.text)
    TIM_OC2NPolarityConfig                   0x08009a7f   Thumb Code    22  stm32f10x_tim.o(.text)
    TIM_OC3PolarityConfig                    0x08009a95   Thumb Code    22  stm32f10x_tim.o(.text)
    TIM_OC3NPolarityConfig                   0x08009aab   Thumb Code    22  stm32f10x_tim.o(.text)
    TIM_OC4PolarityConfig                    0x08009ac1   Thumb Code    22  stm32f10x_tim.o(.text)
    TIM_CCxCmd                               0x08009ad7   Thumb Code    34  stm32f10x_tim.o(.text)
    TIM_CCxNCmd                              0x08009af9   Thumb Code    34  stm32f10x_tim.o(.text)
    TIM_SelectOCxM                           0x08009b1b   Thumb Code    82  stm32f10x_tim.o(.text)
    TIM_UpdateDisableConfig                  0x08009b6d   Thumb Code    24  stm32f10x_tim.o(.text)
    TIM_UpdateRequestConfig                  0x08009b85   Thumb Code    24  stm32f10x_tim.o(.text)
    TIM_SelectHallSensor                     0x08009b9d   Thumb Code    24  stm32f10x_tim.o(.text)
    TIM_SelectOnePulseMode                   0x08009bb5   Thumb Code    18  stm32f10x_tim.o(.text)
    TIM_SelectOutputTrigger                  0x08009bc7   Thumb Code    18  stm32f10x_tim.o(.text)
    TIM_SelectSlaveMode                      0x08009bd9   Thumb Code    18  stm32f10x_tim.o(.text)
    TIM_SelectMasterSlaveMode                0x08009beb   Thumb Code    18  stm32f10x_tim.o(.text)
    TIM_SetCounter                           0x08009bfd   Thumb Code     4  stm32f10x_tim.o(.text)
    TIM_SetAutoreload                        0x08009c01   Thumb Code     4  stm32f10x_tim.o(.text)
    TIM_SetCompare1                          0x08009c05   Thumb Code     4  stm32f10x_tim.o(.text)
    TIM_SetCompare2                          0x08009c09   Thumb Code     4  stm32f10x_tim.o(.text)
    TIM_SetCompare3                          0x08009c0d   Thumb Code     4  stm32f10x_tim.o(.text)
    TIM_SetCompare4                          0x08009c11   Thumb Code     6  stm32f10x_tim.o(.text)
    TIM_SetClockDivision                     0x08009c17   Thumb Code    18  stm32f10x_tim.o(.text)
    TIM_GetCapture1                          0x08009c29   Thumb Code     6  stm32f10x_tim.o(.text)
    TIM_GetCapture2                          0x08009c2f   Thumb Code     6  stm32f10x_tim.o(.text)
    TIM_GetCapture3                          0x08009c35   Thumb Code     6  stm32f10x_tim.o(.text)
    TIM_GetCapture4                          0x08009c3b   Thumb Code     8  stm32f10x_tim.o(.text)
    TIM_GetCounter                           0x08009c43   Thumb Code     6  stm32f10x_tim.o(.text)
    TIM_GetPrescaler                         0x08009c49   Thumb Code     6  stm32f10x_tim.o(.text)
    TIM_GetFlagStatus                        0x08009c4f   Thumb Code    18  stm32f10x_tim.o(.text)
    TIM_ClearFlag                            0x08009c61   Thumb Code     6  stm32f10x_tim.o(.text)
    TIM_GetITStatus                          0x08009c67   Thumb Code    34  stm32f10x_tim.o(.text)
    TIM_ClearITPendingBit                    0x08009c89   Thumb Code     6  stm32f10x_tim.o(.text)
    USART_DeInit                             0x08009c91   Thumb Code   134  stm32f10x_usart.o(.text)
    USART_Init                               0x08009d17   Thumb Code   210  stm32f10x_usart.o(.text)
    USART_StructInit                         0x08009de9   Thumb Code    24  stm32f10x_usart.o(.text)
    USART_ClockInit                          0x08009e01   Thumb Code    34  stm32f10x_usart.o(.text)
    USART_ClockStructInit                    0x08009e23   Thumb Code    12  stm32f10x_usart.o(.text)
    USART_Cmd                                0x08009e2f   Thumb Code    24  stm32f10x_usart.o(.text)
    USART_ITConfig                           0x08009e47   Thumb Code    74  stm32f10x_usart.o(.text)
    USART_DMACmd                             0x08009e91   Thumb Code    24  stm32f10x_usart.o(.text)
    USART_SetAddress                         0x08009ea9   Thumb Code    18  stm32f10x_usart.o(.text)
    USART_WakeUpConfig                       0x08009ebb   Thumb Code    18  stm32f10x_usart.o(.text)
    USART_ReceiverWakeUpCmd                  0x08009ecd   Thumb Code    24  stm32f10x_usart.o(.text)
    USART_LINBreakDetectLengthConfig         0x08009ee5   Thumb Code    18  stm32f10x_usart.o(.text)
    USART_LINCmd                             0x08009ef7   Thumb Code    24  stm32f10x_usart.o(.text)
    USART_SendData                           0x08009f0f   Thumb Code     8  stm32f10x_usart.o(.text)
    USART_ReceiveData                        0x08009f17   Thumb Code    10  stm32f10x_usart.o(.text)
    USART_SendBreak                          0x08009f21   Thumb Code    10  stm32f10x_usart.o(.text)
    USART_SetGuardTime                       0x08009f2b   Thumb Code    16  stm32f10x_usart.o(.text)
    USART_SetPrescaler                       0x08009f3b   Thumb Code    16  stm32f10x_usart.o(.text)
    USART_SmartCardCmd                       0x08009f4b   Thumb Code    24  stm32f10x_usart.o(.text)
    USART_SmartCardNACKCmd                   0x08009f63   Thumb Code    24  stm32f10x_usart.o(.text)
    USART_HalfDuplexCmd                      0x08009f7b   Thumb Code    24  stm32f10x_usart.o(.text)
    USART_OverSampling8Cmd                   0x08009f93   Thumb Code    22  stm32f10x_usart.o(.text)
    USART_OneBitMethodCmd                    0x08009fa9   Thumb Code    24  stm32f10x_usart.o(.text)
    USART_IrDAConfig                         0x08009fc1   Thumb Code    18  stm32f10x_usart.o(.text)
    USART_IrDACmd                            0x08009fd3   Thumb Code    24  stm32f10x_usart.o(.text)
    USART_GetFlagStatus                      0x08009feb   Thumb Code    26  stm32f10x_usart.o(.text)
    USART_ClearFlag                          0x0800a005   Thumb Code    18  stm32f10x_usart.o(.text)
    USART_GetITStatus                        0x0800a017   Thumb Code    84  stm32f10x_usart.o(.text)
    USART_ClearITPendingBit                  0x0800a06b   Thumb Code    50  stm32f10x_usart.o(.text)
    NVIC_PriorityGroupConfig                 0x0800a09d   Thumb Code    10  misc.o(.text)
    NVIC_Init                                0x0800a0a7   Thumb Code   102  misc.o(.text)
    NVIC_SetVectorTable                      0x0800a10d   Thumb Code    14  misc.o(.text)
    NVIC_SystemLPConfig                      0x0800a11b   Thumb Code    34  misc.o(.text)
    SysTick_CLKSourceConfig                  0x0800a13d   Thumb Code    40  misc.o(.text)
    SystemInit                               0x0800a241   Thumb Code    78  system_stm32f10x.o(.text)
    SystemCoreClockUpdate                    0x0800a28f   Thumb Code   142  system_stm32f10x.o(.text)
    main                                     0x0800a341   Thumb Code    22  main.o(.text)
    NMI_Handler                              0x0800a36d   Thumb Code     2  stm32f10x_it.o(.text)
    HardFault_Handler                        0x0800a36f   Thumb Code     2  stm32f10x_it.o(.text)
    MemManage_Handler                        0x0800a371   Thumb Code     2  stm32f10x_it.o(.text)
    BusFault_Handler                         0x0800a373   Thumb Code     2  stm32f10x_it.o(.text)
    UsageFault_Handler                       0x0800a375   Thumb Code     2  stm32f10x_it.o(.text)
    DebugMon_Handler                         0x0800a377   Thumb Code     2  stm32f10x_it.o(.text)
    SVC_Handler                              0x0800a379   Thumb Code     2  stm32f10x_it.o(.text)
    PendSV_Handler                           0x0800a37b   Thumb Code     2  stm32f10x_it.o(.text)
    SysTick_Handler                          0x0800a37d   Thumb Code    22  stm32f10x_it.o(.text)
    WWDG_IRQHandler                          0x0800a393   Thumb Code     2  stm32f10x_it.o(.text)
    PVD_IRQHandler                           0x0800a395   Thumb Code     2  stm32f10x_it.o(.text)
    TAMPER_IRQHandler                        0x0800a397   Thumb Code     2  stm32f10x_it.o(.text)
    RTC_IRQHandler                           0x0800a399   Thumb Code     2  stm32f10x_it.o(.text)
    FLASH_IRQHandler                         0x0800a39b   Thumb Code     2  stm32f10x_it.o(.text)
    RCC_IRQHandler                           0x0800a39d   Thumb Code     2  stm32f10x_it.o(.text)
    EXTI0_IRQHandler                         0x0800a39f   Thumb Code     2  stm32f10x_it.o(.text)
    EXTI1_IRQHandler                         0x0800a3a1   Thumb Code     2  stm32f10x_it.o(.text)
    EXTI2_IRQHandler                         0x0800a3a3   Thumb Code     2  stm32f10x_it.o(.text)
    EXTI3_IRQHandler                         0x0800a3a5   Thumb Code     2  stm32f10x_it.o(.text)
    EXTI4_IRQHandler                         0x0800a3a7   Thumb Code     2  stm32f10x_it.o(.text)
    DMA1_Channel1_IRQHandler                 0x0800a3a9   Thumb Code     2  stm32f10x_it.o(.text)
    DMA1_Channel2_IRQHandler                 0x0800a3ab   Thumb Code     2  stm32f10x_it.o(.text)
    DMA1_Channel3_IRQHandler                 0x0800a3ad   Thumb Code     2  stm32f10x_it.o(.text)
    DMA1_Channel4_IRQHandler                 0x0800a3af   Thumb Code     2  stm32f10x_it.o(.text)
    DMA1_Channel5_IRQHandler                 0x0800a3b1   Thumb Code     2  stm32f10x_it.o(.text)
    DMA1_Channel6_IRQHandler                 0x0800a3b3   Thumb Code     2  stm32f10x_it.o(.text)
    DMA1_Channel7_IRQHandler                 0x0800a3b5   Thumb Code     2  stm32f10x_it.o(.text)
    ADC1_2_IRQHandler                        0x0800a3b7   Thumb Code     2  stm32f10x_it.o(.text)
    CAN1_TX_IRQHandler                       0x0800a3b9   Thumb Code     2  stm32f10x_it.o(.text)
    CAN1_RX0_IRQHandler                      0x0800a3bb   Thumb Code     2  stm32f10x_it.o(.text)
    CAN1_RX1_IRQHandler                      0x0800a3bd   Thumb Code     2  stm32f10x_it.o(.text)
    CAN1_SCE_IRQHandler                      0x0800a3bf   Thumb Code     2  stm32f10x_it.o(.text)
    CAN2_SCE_IRQHandler                      0x0800a3c1   Thumb Code     2  stm32f10x_it.o(.text)
    CAN2_RX0_IRQHandler                      0x0800a3c3   Thumb Code     2  stm32f10x_it.o(.text)
    EXTI9_5_IRQHandler                       0x0800a3c5   Thumb Code     2  stm32f10x_it.o(.text)
    TIM1_BRK_IRQHandler                      0x0800a3c7   Thumb Code     2  stm32f10x_it.o(.text)
    TIM1_UP_IRQHandler                       0x0800a3c9   Thumb Code     2  stm32f10x_it.o(.text)
    TIM1_TRG_COM_IRQHandler                  0x0800a3cb   Thumb Code     2  stm32f10x_it.o(.text)
    TIM1_CC_IRQHandler                       0x0800a3cd   Thumb Code     2  stm32f10x_it.o(.text)
    TIM2_IRQHandler                          0x0800a3cf   Thumb Code     2  stm32f10x_it.o(.text)
    TIM3_IRQHandler                          0x0800a3d1   Thumb Code    34  stm32f10x_it.o(.text)
    TIM4_IRQHandler                          0x0800a3f3   Thumb Code     2  stm32f10x_it.o(.text)
    I2C1_EV_IRQHandler                       0x0800a3f5   Thumb Code     2  stm32f10x_it.o(.text)
    I2C1_ER_IRQHandler                       0x0800a3f7   Thumb Code     2  stm32f10x_it.o(.text)
    I2C2_EV_IRQHandler                       0x0800a3f9   Thumb Code     2  stm32f10x_it.o(.text)
    I2C2_ER_IRQHandler                       0x0800a3fb   Thumb Code     2  stm32f10x_it.o(.text)
    SPI1_IRQHandler                          0x0800a3fd   Thumb Code     2  stm32f10x_it.o(.text)
    SPI2_IRQHandler                          0x0800a3ff   Thumb Code     2  stm32f10x_it.o(.text)
    USART1_IRQHandler                        0x0800a401   Thumb Code     2  stm32f10x_it.o(.text)
    USART2_IRQHandler                        0x0800a403   Thumb Code     2  stm32f10x_it.o(.text)
    USART3_IRQHandler                        0x0800a405   Thumb Code     2  stm32f10x_it.o(.text)
    UART5_IRQHandler                         0x0800a407   Thumb Code     2  stm32f10x_it.o(.text)
    EXTI15_10_IRQHandler                     0x0800a409   Thumb Code     2  stm32f10x_it.o(.text)
    RTCAlarm_IRQHandler                      0x0800a40b   Thumb Code     2  stm32f10x_it.o(.text)
    OTG_FS_WKUP_IRQHandler                   0x0800a40d   Thumb Code     2  stm32f10x_it.o(.text)
    SerialPutChar                            0x0800a41d   Thumb Code    28  common.o(.text)
    Serial_PutString                         0x0800a439   Thumb Code    22  common.o(.text)
    jump                                     0x0800a44f   Thumb Code    54  common.o(.text)
    RCC_Configuration                        0x0800a4b1   Thumb Code   120  driver.o(.text)
    NVIC_Configuration                       0x0800a529   Thumb Code    52  driver.o(.text)
    HW_LED_PinInit                           0x0800a55d   Thumb Code    58  driver.o(.text)
    USART1_PinInit                           0x0800a597   Thumb Code    54  driver.o(.text)
    GPIO_Configuration                       0x0800a5cd   Thumb Code    12  driver.o(.text)
    USART1_Configuration                     0x0800a5d9   Thumb Code    96  driver.o(.text)
    InitAllPeriph                            0x0800a639   Thumb Code    28  driver.o(.text)
    Refresh_SFR                              0x0800a655   Thumb Code     2  driver.o(.text)
    COM1_SendData                            0x0800a665   Thumb Code    44  usart.o(.text)
    COM1_printf                              0x0800a691   Thumb Code    24  usart.o(.text)
    DelayMs_init                             0x0800a6ad   Thumb Code    60  delay.o(.text)
    DelayMs                                  0x0800a6e9   Thumb Code    62  delay.o(.text)
    DelayUs                                  0x0800a727   Thumb Code    52  delay.o(.text)
    strlen                                   0x0800a761   Thumb Code    62  strlen.o(.text)
    __use_two_region_memory                  0x0800a79f   Thumb Code     2  heapauxi.o(.text)
    __rt_heap_escrow$2region                 0x0800a7a1   Thumb Code     2  heapauxi.o(.text)
    __rt_heap_expand$2region                 0x0800a7a3   Thumb Code     2  heapauxi.o(.text)
    __user_setup_stackheap                   0x0800a7a5   Thumb Code    74  sys_stackheap_outer.o(.text)
    exit                                     0x0800a7ef   Thumb Code    12  exit.o(.text)
    __user_libspace                          0x0800a7fd   Thumb Code     8  libspace.o(.text)
    __user_perproc_libspace                  0x0800a7fd   Thumb Code     0  libspace.o(.text)
    __user_perthread_libspace                0x0800a7fd   Thumb Code     0  libspace.o(.text)
    __rt_fp_status_addr                      0x0800a805   Thumb Code     8  rt_fp_status_addr_intlibspace.o(.text)
    _sys_exit                                0x0800a80d   Thumb Code     8  sys_exit.o(.text)
    __I$use$semihosting                      0x0800a819   Thumb Code     0  use_no_semi.o(.text)
    __use_no_semihosting_swi                 0x0800a819   Thumb Code     2  use_no_semi.o(.text)
    __semihosting_library_function           0x0800a81b   Thumb Code     0  indicate_semi.o(.text)
    _fp_init                                 0x0800a81b   Thumb Code    14  fpinit.o(x$fpl$fpinit)
    __fplib_config_pureend_doubles           0x0800a827   Thumb Code     0  fpinit.o(x$fpl$fpinit)
    Region$$Table$$Base                      0x0800a828   Number         0  anon$$obj.o(Region$$Table)
    Region$$Table$$Limit                     0x0800a848   Number         0  anon$$obj.o(Region$$Table)
    SystemCoreClock                          0x20000014   Data           4  system_stm32f10x.o(.data)
    AHBPrescTable                            0x20000018   Data          16  system_stm32f10x.o(.data)
    BlockNbr                                 0x20000028   Data           4  common.o(.data)
    UserMemoryMask                           0x2000002c   Data           4  common.o(.data)
    FlashProtection                          0x20000030   Data           4  common.o(.data)
    Jump_To_Application                      0x20000034   Data           4  common.o(.data)
    JumpAddress                              0x20000038   Data           4  common.o(.data)
    SysMsCnt                                 0x2000003c   Data           4  driver.o(.data)
    TimingDelay                              0x20000040   Data           4  driver.o(.data)
    __libspace_start                         0x20000044   Data          96  libspace.o(.bss)
    __temporary_stack_top$libspace           0x200000a4   Data           0  libspace.o(.bss)



==============================================================================

Memory Map of the image

  Image Entry point : 0x08008131

  Load Region LR_IROM1 (Base: 0x08008000, Size: 0x0000288c, Max: 0x00080000, ABSOLUTE)

    Execution Region ER_IROM1 (Base: 0x08008000, Size: 0x00002848, Max: 0x00080000, ABSOLUTE)

    Base Addr    Size         Type   Attr      Idx    E Section Name        Object

    0x08008000   0x00000130   Data   RO            3    RESET               startup_stm32f10x_hd.o
    0x08008130   0x00000008   Code   RO          331  * !!!main             c_w.l(__main.o)
    0x08008138   0x00000034   Code   RO          488    !!!scatter          c_w.l(__scatter.o)
    0x0800816c   0x0000001a   Code   RO          490    !!handler_copy      c_w.l(__scatter_copy.o)
    0x08008186   0x00000002   PAD
    0x08008188   0x0000001c   Code   RO          492    !!handler_zi        c_w.l(__scatter_zi.o)
    0x080081a4   0x00000006   Code   RO          358    .ARM.Collect$$libinit$$00000000  c_w.l(libinit.o)
    0x080081aa   0x00000000   Code   RO          366    .ARM.Collect$$libinit$$00000006  c_w.l(libinit2.o)
    0x080081aa   0x00000000   Code   RO          368    .ARM.Collect$$libinit$$00000008  c_w.l(libinit2.o)
    0x080081aa   0x00000000   Code   RO          370    .ARM.Collect$$libinit$$0000000A  c_w.l(libinit2.o)
    0x080081aa   0x00000000   Code   RO          373    .ARM.Collect$$libinit$$0000000D  c_w.l(libinit2.o)
    0x080081aa   0x00000000   Code   RO          375    .ARM.Collect$$libinit$$0000000F  c_w.l(libinit2.o)
    0x080081aa   0x00000000   Code   RO          377    .ARM.Collect$$libinit$$00000011  c_w.l(libinit2.o)
    0x080081aa   0x00000000   Code   RO          379    .ARM.Collect$$libinit$$00000013  c_w.l(libinit2.o)
    0x080081aa   0x00000000   Code   RO          381    .ARM.Collect$$libinit$$00000015  c_w.l(libinit2.o)
    0x080081aa   0x00000000   Code   RO          383    .ARM.Collect$$libinit$$00000017  c_w.l(libinit2.o)
    0x080081aa   0x00000000   Code   RO          385    .ARM.Collect$$libinit$$00000019  c_w.l(libinit2.o)
    0x080081aa   0x00000000   Code   RO          387    .ARM.Collect$$libinit$$0000001B  c_w.l(libinit2.o)
    0x080081aa   0x00000000   Code   RO          389    .ARM.Collect$$libinit$$0000001D  c_w.l(libinit2.o)
    0x080081aa   0x00000000   Code   RO          391    .ARM.Collect$$libinit$$0000001F  c_w.l(libinit2.o)
    0x080081aa   0x00000000   Code   RO          393    .ARM.Collect$$libinit$$00000021  c_w.l(libinit2.o)
    0x080081aa   0x00000000   Code   RO          397    .ARM.Collect$$libinit$$00000028  c_w.l(libinit2.o)
    0x080081aa   0x00000000   Code   RO          399    .ARM.Collect$$libinit$$0000002A  c_w.l(libinit2.o)
    0x080081aa   0x00000000   Code   RO          401    .ARM.Collect$$libinit$$0000002C  c_w.l(libinit2.o)
    0x080081aa   0x00000000   Code   RO          403    .ARM.Collect$$libinit$$0000002E  c_w.l(libinit2.o)
    0x080081aa   0x00000002   Code   RO          404    .ARM.Collect$$libinit$$0000002F  c_w.l(libinit2.o)
    0x080081ac   0x00000002   Code   RO          429    .ARM.Collect$$libshutdown$$00000000  c_w.l(libshutdown.o)
    0x080081ae   0x00000000   Code   RO          443    .ARM.Collect$$libshutdown$$00000003  c_w.l(libshutdown2.o)
    0x080081ae   0x00000000   Code   RO          446    .ARM.Collect$$libshutdown$$00000006  c_w.l(libshutdown2.o)
    0x080081ae   0x00000000   Code   RO          449    .ARM.Collect$$libshutdown$$00000009  c_w.l(libshutdown2.o)
    0x080081ae   0x00000000   Code   RO          451    .ARM.Collect$$libshutdown$$0000000B  c_w.l(libshutdown2.o)
    0x080081ae   0x00000000   Code   RO          454    .ARM.Collect$$libshutdown$$0000000E  c_w.l(libshutdown2.o)
    0x080081ae   0x00000002   Code   RO          455    .ARM.Collect$$libshutdown$$0000000F  c_w.l(libshutdown2.o)
    0x080081b0   0x00000000   Code   RO          333    .ARM.Collect$$rtentry$$00000000  c_w.l(rtentry.o)
    0x080081b0   0x00000000   Code   RO          335    .ARM.Collect$$rtentry$$00000002  c_w.l(rtentry2.o)
    0x080081b0   0x00000006   Code   RO          347    .ARM.Collect$$rtentry$$00000004  c_w.l(rtentry4.o)
    0x080081b6   0x00000000   Code   RO          337    .ARM.Collect$$rtentry$$00000009  c_w.l(rtentry2.o)
    0x080081b6   0x00000004   Code   RO          338    .ARM.Collect$$rtentry$$0000000A  c_w.l(rtentry2.o)
    0x080081ba   0x00000000   Code   RO          340    .ARM.Collect$$rtentry$$0000000C  c_w.l(rtentry2.o)
    0x080081ba   0x00000008   Code   RO          341    .ARM.Collect$$rtentry$$0000000D  c_w.l(rtentry2.o)
    0x080081c2   0x00000002   Code   RO          362    .ARM.Collect$$rtexit$$00000000  c_w.l(rtexit.o)
    0x080081c4   0x00000000   Code   RO          408    .ARM.Collect$$rtexit$$00000002  c_w.l(rtexit2.o)
    0x080081c4   0x00000004   Code   RO          409    .ARM.Collect$$rtexit$$00000003  c_w.l(rtexit2.o)
    0x080081c8   0x00000006   Code   RO          410    .ARM.Collect$$rtexit$$00000004  c_w.l(rtexit2.o)
    0x080081ce   0x00000002   PAD
    0x080081d0   0x00000020   Code   RO          177    .emb_text           core_cm3.o
    0x080081f0   0x00000040   Code   RO            4    .text               startup_stm32f10x_hd.o
    0x08008230   0x000005b8   Code   RO           73    .text               stm32f10x_flash.o
    0x080087e8   0x00000358   Code   RO           85    .text               stm32f10x_gpio.o
    0x08008b40   0x000003a0   Code   RO          112    .text               stm32f10x_rcc.o
    0x08008ee0   0x00000dae   Code   RO          141    .text               stm32f10x_tim.o
    0x08009c8e   0x00000002   PAD
    0x08009c90   0x0000040c   Code   RO          153    .text               stm32f10x_usart.o
    0x0800a09c   0x000000dc   Code   RO          165    .text               misc.o
    0x0800a178   0x000001c8   Code   RO          187    .text               system_stm32f10x.o
    0x0800a340   0x0000002c   Code   RO          205    .text               main.o
    0x0800a36c   0x000000b0   Code   RO          237    .text               stm32f10x_it.o
    0x0800a41c   0x00000094   Code   RO          253    .text               common.o
    0x0800a4b0   0x000001b4   Code   RO          283    .text               driver.o
    0x0800a664   0x00000048   Code   RO          301    .text               usart.o
    0x0800a6ac   0x000000b4   Code   RO          313    .text               delay.o
    0x0800a760   0x0000003e   Code   RO          327    .text               c_w.l(strlen.o)
    0x0800a79e   0x00000006   Code   RO          329    .text               c_w.l(heapauxi.o)
    0x0800a7a4   0x0000004a   Code   RO          349    .text               c_w.l(sys_stackheap_outer.o)
    0x0800a7ee   0x0000000c   Code   RO          351    .text               c_w.l(exit.o)
    0x0800a7fa   0x00000002   PAD
    0x0800a7fc   0x00000008   Code   RO          359    .text               c_w.l(libspace.o)
    0x0800a804   0x00000008   Code   RO          417    .text               c_w.l(rt_fp_status_addr_intlibspace.o)
    0x0800a80c   0x0000000c   Code   RO          421    .text               c_w.l(sys_exit.o)
    0x0800a818   0x00000002   Code   RO          432    .text               c_w.l(use_no_semi.o)
    0x0800a81a   0x00000000   Code   RO          434    .text               c_w.l(indicate_semi.o)
    0x0800a81a   0x0000000e   Code   RO          405    x$fpl$fpinit        fz_ws.l(fpinit.o)
    0x0800a828   0x00000020   Data   RO          486    Region$$Table       anon$$obj.o


    Execution Region RW_IRAM1 (Base: 0x20000000, Size: 0x000006a8, Max: 0x00010000, ABSOLUTE)

    Base Addr    Size         Type   Attr      Idx    E Section Name        Object

    0x20000000   0x00000014   Data   RW          113    .data               stm32f10x_rcc.o
    0x20000014   0x00000014   Data   RW          188    .data               system_stm32f10x.o
    0x20000028   0x00000014   Data   RW          254    .data               common.o
    0x2000003c   0x00000008   Data   RW          284    .data               driver.o
    0x20000044   0x00000060   Zero   RW          360    .bss                c_w.l(libspace.o)
    0x200000a4   0x00000004   PAD
    0x200000a8   0x00000200   Zero   RW            2    HEAP                startup_stm32f10x_hd.o
    0x200002a8   0x00000400   Zero   RW            1    STACK               startup_stm32f10x_hd.o


==============================================================================

Image component sizes


      Code (inc. data)   RO Data    RW Data    ZI Data      Debug   Object Name

       148         44          0         20          0       2395   common.o
        32          0          0          0          0        548   core_cm3.o
       180          6          0          0          0        855   delay.o
       436         14          0          8          0       2030   driver.o
        44         22          0          0          0        399   main.o
       220         20          0          0          0       1829   misc.o
        64         26        304          0       1536        768   startup_stm32f10x_hd.o
         0          0          0          0          0     259328   stm32f10x_bkp.o
      1464         32          0          0          0       8230   stm32f10x_flash.o
       856         40          0          0          0       5761   stm32f10x_gpio.o
       176         14          0          0          0       6015   stm32f10x_it.o
       928         44          0         20          0       8916   stm32f10x_rcc.o
      3502         86          0          0          0      22932   stm32f10x_tim.o
      1036         20          0          0          0       8508   stm32f10x_usart.o
       456         36          0         20          0       1931   system_stm32f10x.o
        72          4          0          0          0        760   usart.o

    ----------------------------------------------------------------------
      9616        408        336         68       1536     331205   Object Totals
         0          0         32          0          0          0   (incl. Generated)
         2          0          0          0          0          0   (incl. Padding)

    ----------------------------------------------------------------------

      Code (inc. data)   RO Data    RW Data    ZI Data      Debug   Library Member Name

         8          0          0          0          0         68   __main.o
        52          8          0          0          0          0   __scatter.o
        26          0          0          0          0          0   __scatter_copy.o
        28          0          0          0          0          0   __scatter_zi.o
        12          0          0          0          0         72   exit.o
         6          0          0          0          0        152   heapauxi.o
         0          0          0          0          0          0   indicate_semi.o
         6          0          0          0          0          0   libinit.o
         2          0          0          0          0          0   libinit2.o
         2          0          0          0          0          0   libshutdown.o
         2          0          0          0          0          0   libshutdown2.o
         8          4          0          0         96         68   libspace.o
         8          4          0          0          0         68   rt_fp_status_addr_intlibspace.o
         0          0          0          0          0          0   rtentry.o
        12          0          0          0          0          0   rtentry2.o
         6          0          0          0          0          0   rtentry4.o
         2          0          0          0          0          0   rtexit.o
        10          0          0          0          0          0   rtexit2.o
        62          0          0          0          0         76   strlen.o
        12          4          0          0          0         68   sys_exit.o
        74          0          0          0          0         80   sys_stackheap_outer.o
         2          0          0          0          0         68   use_no_semi.o
        14          0          0          0          0         76   fpinit.o

    ----------------------------------------------------------------------
       360         20          0          0        100        796   Library Totals
         6          0          0          0          4          0   (incl. Padding)

    ----------------------------------------------------------------------

      Code (inc. data)   RO Data    RW Data    ZI Data      Debug   Library Name

       340         20          0          0         96        720   c_w.l
        14          0          0          0          0         76   fz_ws.l

    ----------------------------------------------------------------------
       360         20          0          0        100        796   Library Totals

    ----------------------------------------------------------------------

==============================================================================


      Code (inc. data)   RO Data    RW Data    ZI Data      Debug   

      9976        428        336         68       1636     330181   Grand Totals
      9976        428        336         68       1636     330181   ELF Image Totals
      9976        428        336         68          0          0   ROM Totals

==============================================================================

    Total RO  Size (Code + RO Data)                10312 (  10.07kB)
    Total RW  Size (RW Data + ZI Data)              1704 (   1.66kB)
    Total ROM Size (Code + RO Data + RW Data)      10380 (  10.14kB)

==============================================================================

